MariaDB [(none)]> show databases;
+--------------------+
| Database           |
+--------------------+
| fiqra              |
| information_schema |
| kel2               |
| kelompok2          |
| labpw              |
| laravel            |
| mahasiswa          |
| mysql              |
| performance_schema |
| phpmyadmin         |
| task_manager       |
| test               |
| todolist           |
| tugas              |
| tugas_praksbd      |
| users              |
| wbsite_laravel     |
+--------------------+
17 rows in set (0.001 sec)

MariaDB [(none)]> use task_manager
Database changed
MariaDB [task_manager]> show tables;
+------------------------+
| Tables_in_task_manager |
+------------------------+
| failed_jobs            |
| migrations             |
| password_resets        |
| personal_access_tokens |
| task_categories        |
| task_dailies           |
| task_indicators        |
| task_persons           |
| task_plans             |
| users                  |
+------------------------+
10 rows in set (0.001 sec)

MariaDB [task_manager]> desc task_indicators;
+----------------+--------------+------+-----+---------+-------+
| Field          | Type         | Null | Key | Default | Extra |
+----------------+--------------+------+-----+---------+-------+
| id             | char(36)     | NO   | PRI | NULL    |       |
| indicator_name | varchar(255) | NO   |     | NULL    |       |
| output_value   | int(11)      | NO   |     | NULL    |       |
| year           | year(4)      | NO   |     | NULL    |       |
| created_at     | timestamp    | YES  |     | NULL    |       |
| updated_at     | timestamp    | YES  |     | NULL    |       |
+----------------+--------------+------+-----+---------+-------+
6 rows in set (0.030 sec)

MariaDB [task_manager]> select * from indicator_name;
ERROR 1146 (42S02): Table 'task_manager.indicator_name' doesn't exist
MariaDB [task_manager]> select * from task_indicators;
+--------------------------------------+----------------+--------------+------+------------+------------+
| id                                   | indicator_name | output_value | year | created_at | updated_at |
+--------------------------------------+----------------+--------------+------+------------+------------+
| 5e72be09-384e-4097-8e78-c20e84d88112 | Indikator 2    |          100 | 2022 | NULL       | NULL       |
| 669c981f-1bd6-47d5-b2ce-de568aaa160a | Indikator 1    |          100 | 2022 | NULL       | NULL       |
+--------------------------------------+----------------+--------------+------+------------+------------+
2 rows in set (0.040 sec)

MariaDB [task_manager]> select * from task_plans;
+--------------------------------------+-----------------------------------------+--------------------+-------------------+--------------------------------------+--------------------------------------+--------------------------------------+---------------+-------------+------------+------------+
| id                                   | task_name                               | ask_duration_start | task_duration_end | user_create                          | category_id                          | indicators_id                        | task_priority | task_status | created_at | updated_at |
+--------------------------------------+-----------------------------------------+--------------------+-------------------+--------------------------------------+--------------------------------------+--------------------------------------+---------------+-------------+------------+------------+
| 924eaa0e-c8f1-4132-a032-1d98c176a8c3 | Membuat Modul add_to_cart pada Aplikasi | 2022-06-10         | 2022-06-30        | 72233152-7af0-4e89-94fc-d8d02e73aba8 | 72233152-7af0-4e89-94fc-d8d02e73aba8 | 5e72be09-384e-4097-8e78-c20e84d88112 |             1 | Pending     | NULL       | NULL       |
| c96fdbd6-a3a4-42e3-b437-444ffd734a36 | Menganalisa Data Kemahasiswaan          | 2022-06-10         | 2022-06-17        | 72233152-7af0-4e89-94fc-d8d02e73aba8 | e46f9318-ca1a-4a3d-a998-913c8fdf5917 | 669c981f-1bd6-47d5-b2ce-de568aaa160a |             2 | Process     | NULL       | NULL       |
| f1ee037b-9135-41d2-9757-091391df4fb8 | Mendokumentasikan Code                  | 2022-06-10         | 2022-06-10        | 72233152-7af0-4e89-94fc-d8d02e73aba8 | 229d48a0-a643-42c2-832f-882297db9003 | 5e72be09-384e-4097-8e78-c20e84d88112 |             3 | Process     | NULL       | NULL       |
+--------------------------------------+-----------------------------------------+--------------------+-------------------+--------------------------------------+--------------------------------------+--------------------------------------+---------------+-------------+------------+------------+
3 rows in set (0.001 sec)

MariaDB [task_manager]> select * from task_categories;
+--------------------------------------+---------------+--------------------------------------------+------------+------------+
| id                                   | category_name | description                                | created_at | updated_at |
+--------------------------------------+---------------+--------------------------------------------+------------+------------+
| 229d48a0-a643-42c2-832f-882297db9003 | Analisis      | Tugas Analisis                             | NULL       | NULL       |
| 72233152-7af0-4e89-94fc-d8d02e73aba8 | Administrasi  | Tugas yang berhubungan dengan administrasi | NULL       | NULL       |
| e46f9318-ca1a-4a3d-a998-913c8fdf5917 | Teknikal      | Tugas Teknikal                             | NULL       | NULL       |
+--------------------------------------+---------------+--------------------------------------------+------------+------------+
3 rows in set (0.019 sec)

MariaDB [task_manager]> select * from task_persons;
+--------------------------------------+--------------------------------------+-------------------------------------------------------------------------------------------+------------+------------+
| id                                   | task_id                              | teams                                                                                     | created_at | updated_at |
+--------------------------------------+--------------------------------------+-------------------------------------------------------------------------------------------+------------+------------+
| ac7ee465-587f-4b8c-b937-e9c7868500f7 | 924eaa0e-c8f1-4132-a032-1d98c176a8c3 | {'teams':['72233152-7af0-4e89-94fc-d8d02e73aba8']}                                        | NULL       | NULL       |
| f8d31da1-e112-432e-b272-da61bc40a954 | c96fdbd6-a3a4-42e3-b437-444ffd734a36 | {'teams':['72233152-7af0-4e89-94fc-d8d02e73aba8','51ed88b2-fb06-4606-81ba-088e9ed52d1a']} | NULL       | NULL       |
+--------------------------------------+--------------------------------------+-------------------------------------------------------------------------------------------+------------+------------+
2 rows in set (0.017 sec)

MariaDB [task_manager]> select * from task_dailies;
Empty set (0.112 sec)

MariaDB [task_manager]> SELECT 
    -> a.id, a.task_name, b.task_status, b.task_comments, d.category_name as 'Category',
    -> DATEDIFF(a.task_duration_end, a.task_duration_start) as 'Lama Pengerjaan',
    -> c.name as 'Create By', (SELECT name from users where users.id = task_dailies.user_verify_id ) as 'Verified By'
    -> FROM task_plans a
    -> RIGHT JOIN task_dailies b ON a.id = b.plan_id
    -> INNER JOIN users c ON b.id = c.id
    -> RIGHT JOIN task_categories d ON a.category_id = d.id
    -> ;
ERROR 1054 (42S22): Unknown column 'a.task_duration_start' in 'field list'
